Makefile
Makefile
chdir to pm
chdir to servers
done
fs
fs
init
init
pm
pm
rs
rs
servers
teststr.tar.gz
